// Jest Snapshot v1, https://goo.gl/fbAQLP

exports[`Renders Correctly 1`] = `
<div
  class="fixed top-0 pt-8 flex w-full h-full bg-blue-point4 flex-col justify-around content-center select-none"
>
  <div
    class="-mt-16 bg-white justify-around content-center flex-none shadow-md mx-12 sm:mx-16 md:mx-20 px-3 pt-2 pb-3 text-center select-none"
  >
    <h1>
      
    </h1>
     
    <p
      class="my-1 select-none"
    >
      Hello
    </p>
     
    <button
      class="w-1/3 sm:w-1/4 m-1 mt-2 py-1 px-3 text-blue font-heading border border-solid border-blue hover:bg-blue-point4"
    >
      
      Cancel
    
    </button>
     
    <button
      class="w-1/3 sm:w-1/4 m-1 mt-2 py-1 px-3 bg-blue text-white font-heading hover:bg-blue-point8 border border-solid border-blue"
    >
      
      Hello
    
    </button>
  </div>
</div>
`;
