// Jest Snapshot v1, https://goo.gl/fbAQLP

exports[`Renders Correctly 1`] = `
<div
  class="h-8 bg-blue text-white"
  id="titlebar"
>
  <h4
    class="p-1 pl-2 float-left text-base"
  >
    Nevis
  </h4>
   
  <button
    class="h-full w-12 hover:bg-red float-right"
    id="close"
  >
    <svg
      fill="white"
      height="10"
      width="10"
    >
      <path
        d="M 0,0 0,0.7 4.3,5 0,9.3 0,10 0.7,10 5,5.7 9.3,10 10,10 10,9.3 5.7,5 10,0.7 10,0 9.3,0 5,4.3 0.7,0 Z"
      />
    </svg>
  </button>
   
  <button
    class="h-full w-12 hover:bg-blue-accent float-right"
  >
    <svg
      fill="white"
      height="10"
      width="10"
    >
      <path
        d="M 0,0 0,10 10,10 10,0 Z M 1,1 9,1 9,9 1,9 Z"
      />
    </svg>
     
    <!---->
  </button>
   
  <button
    class="h-full w-12 hover:bg-blue-accent float-right"
  >
    <svg
      fill="white"
      height="10"
      width="10"
    >
      <path
        d="M 0,5 10,5 10,6 0,6 Z"
      />
    </svg>
  </button>
</div>
`;
