// Jest Snapshot v1, https://goo.gl/fbAQLP

exports[`Renders Correctly - No Results 1`] = `
<main>
  <back-arrow-stub
    to="/events/12"
  />
   
  <h1
    class="mx-10 mb-1 px-1"
  >
    
    Results
  
  </h1>
   
  <div
    class="mx-12 mb-3"
  >
    <button
      class="button"
    >
      Refresh
    </button>
     
    <button
      class="button"
    >
      Export HTML
    </button>
  </div>
   
</main>
`;
